// Jest Snapshot v1, https://goo.gl/fbAQLP

exports[`Pruebas en <AddCategory /> debe mostrarse correctamente 1`] = `
<Fragment>
  <h3>
    Hollywood monsters
  </h3>
  <p>
    Loading...
  </p>
  <div
    className="card-grid"
  />
</Fragment>
`;
